Script started on Sat 20 Aug 2022 03:24:00 PM CDT
[?1034hbash-4.2$ pwd
/home/u2/maf0083/commands_demo
bash-4.2$ ls
commands.script  testfile1  testfile2
bash-4.2$ mkdir test_dir
bash-4.2$ cp testfile test_dir/1 test_dir/
bash-4.2$ mv testfile2 test_dir/
bash-4.2$ ls
commands.script  test_dir  testfile1
bash-4.2$ rm testfile1 
bash-4.2$ ls
commands.script  test_dir
bash-4.2$ cd test_dir/
bash-4.2$ pwd
/home/u2/maf0083/commands_demo/test_dir
bash-4.2$ chmod [K[K[K[K[K[Kls -lah
total 2.0K
drwxr-xr-x+ 2 maf0083 ugrad 4 Aug 20 15:24 .
drwxr-xr-x+ 3 maf0083 ugrad 4 Aug 20 15:24 ..
-rw-r--r--+ 1 maf0083 ugrad 0 Aug 20 15:24 testfile1
-rw-r--r--+ 1 maf0083 ugrad 0 Aug 20 15:22 testfile2
bash-4.2$ mc[K[Kchm,[Kod 777 testfile1
bash-4.2$ chmod 777 testfile1[C[C[C[C[C[C[C[C[C[C[12Pls -lah
total 2.0K
drwxr-xr-x+ 2 maf0083 ugrad 4 Aug 20 15:24 .
drwxr-xr-x+ 3 maf0083 ugrad 4 Aug 20 15:24 ..
-rwxrwxrwx. 1 maf0083 ugrad 0 Aug 20 15:24 testfile1
-rw-r--r--+ 1 maf0083 ugrad 0 Aug 20 15:22 testfile2
bash-4.2$ clear
[3;J[H[2Jbash-4.2$ who
maf0083  pts/5        2022-08-20 15:21 (ettin.eng.auburn.edu)
nas0059  pts/6        2022-08-19 15:53 (ettin.eng.auburn.edu)
maf0083  pts/7        2022-08-20 15:24
bash-4.2$ nproc
16
bash-4.2$ g++ --he[K
Usage: g++ [options] file...
Options:
  -pass-exit-codes         Exit with highest error code from a phase
  --help                   Display this information
  --target-help            Display target specific command line options
  --help={common|optimizers|params|target|warnings|[^]{joined|separate|undocumented}}[,...]
                           Display specific types of command line options
  (Use '-v --help' to display command line options of sub-processes)
  --version                Display compiler version information
  -dumpspecs               Display all of the built in spec strings
  -dumpversion             Display the version of the compiler
  -dumpmachine             Display the compiler's target processor
  -print-search-dirs       Display the directories in the compiler's search path
  -print-libgcc-file-name  Display the name of the compiler's companion library
  -print-file-name=<lib>   Display the full path to library <lib>
  -print-prog-name=<prog>  Display the full path to compiler component <prog>
  -print-multiarch         Display the target's normalized GNU triplet, used as
                           a component in the library path
  -print-multi-directory   Display the root directory for versions of libgcc
  -print-multi-lib         Display the mapping between command line options and
                           multiple library search directories
  -print-multi-os-directory Display the relative path to OS libraries
  -print-sysroot           Display the target libraries directory
  -print-sysroot-headers-suffix Display the sysroot suffix used to find headers
  -Wa,<options>            Pass comma-separated <options> on to the assembler
  -Wp,<options>            Pass comma-separated <options> on to the preprocessor
  -Wl,<options>            Pass comma-separated <options> on to the linker
  -Xassembler <arg>        Pass <arg> on to the assembler
  -Xpreprocessor <arg>     Pass <arg> on to the preprocessor
  -Xlinker <arg>           Pass <arg> on to the linker
  -save-temps              Do not delete intermediate files
  -save-temps=<arg>        Do not delete intermediate files
  -no-canonical-prefixes   Do not canonicalize paths when building relative
                           prefixes to other gcc components
  -pipe                    Use pipes rather than intermediate files
  -time                    Time the execution of each subprocess
  -specs=<file>            Override built-in specs with the contents of <file>
  -std=<standard>          Assume that the input sources are for <standard>
  --sysroot=<directory>    Use <directory> as the root directory for headers
                           and libraries
  -B <directory>           Add <directory> to the compiler's search paths
  -v                       Display the programs invoked by the compiler
  -###                     Like -v but options quoted and commands not executed
  -E                       Preprocess only; do not compile, assemble or link
  -S                       Compile only; do not assemble or link
  -c                       Compile and assemble, but do not link
  -o <file>                Place the output into <file>
  -pie                     Create a position independent executable
  -shared                  Create a shared library
  -x <language>            Specify the language of the following input files
                           Permissible languages include: c c++ assembler none
                           'none' means revert to the default behavior of
                           guessing the language based on the file's extension

Options starting with -g, -f, -m, -O, -W, or --param are automatically
 passed on to the various sub-processes invoked by g++.  In order to pass
 other options on to these processes the -W<letter> options must be used.

For bug reporting instructions, please see:
<http://bugzilla.redhat.com/bugzilla>.
bash-4.2$ exit
exit

Script done on Sat 20 Aug 2022 03:25:16 PM CDT
